

=== Test Results
TEST NAME                                                                    OUTCOME  MESSAGE                                                                                                                                                                                                  RUNTIME (MS)
ΓöÇΓöÇΓöÇΓöÇΓöÇΓöÇΓöÇΓöÇΓöÇΓöÇΓöÇΓöÇΓöÇΓöÇΓöÇΓöÇΓöÇΓöÇΓöÇΓöÇΓöÇΓöÇΓöÇΓöÇΓöÇΓöÇΓöÇΓöÇΓöÇΓöÇΓöÇΓöÇΓöÇΓöÇΓöÇΓöÇΓöÇΓöÇΓöÇΓöÇΓöÇΓöÇΓöÇΓöÇΓöÇΓöÇΓöÇΓöÇΓöÇΓöÇΓöÇΓöÇΓöÇΓöÇΓöÇΓöÇΓöÇΓöÇΓöÇΓöÇΓöÇΓöÇΓöÇΓöÇΓöÇΓöÇΓöÇΓöÇΓöÇΓöÇΓöÇΓöÇΓöÇΓöÇΓöÇ  ΓöÇΓöÇΓöÇΓöÇΓöÇΓöÇΓöÇ  ΓöÇΓöÇΓöÇΓöÇΓöÇΓöÇΓöÇΓöÇΓöÇΓöÇΓöÇΓöÇΓöÇΓöÇΓöÇΓöÇΓöÇΓöÇΓöÇΓöÇΓöÇΓöÇΓöÇΓöÇΓöÇΓöÇΓöÇΓöÇΓöÇΓöÇΓöÇΓöÇΓöÇΓöÇΓöÇΓöÇΓöÇΓöÇΓöÇΓöÇΓöÇΓöÇΓöÇΓöÇΓöÇΓöÇΓöÇΓöÇΓöÇΓöÇΓöÇΓöÇΓöÇΓöÇΓöÇΓöÇΓöÇΓöÇΓöÇΓöÇΓöÇΓöÇΓöÇΓöÇΓöÇΓöÇΓöÇΓöÇΓöÇΓöÇΓöÇΓöÇΓöÇΓöÇΓöÇΓöÇΓöÇΓöÇΓöÇΓöÇΓöÇΓöÇΓöÇΓöÇΓöÇΓöÇΓöÇΓöÇΓöÇΓöÇΓöÇΓöÇΓöÇΓöÇΓöÇΓöÇΓöÇΓöÇΓöÇΓöÇΓöÇΓöÇΓöÇΓöÇΓöÇΓöÇΓöÇΓöÇΓöÇΓöÇΓöÇΓöÇΓöÇΓöÇΓöÇΓöÇΓöÇΓöÇΓöÇΓöÇΓöÇΓöÇΓöÇΓöÇΓöÇΓöÇΓöÇΓöÇΓöÇΓöÇΓöÇΓöÇΓöÇΓöÇΓöÇΓöÇΓöÇΓöÇΓöÇΓöÇΓöÇΓöÇΓöÇΓöÇΓöÇΓöÇΓöÇΓöÇΓöÇΓöÇΓöÇΓöÇΓöÇΓöÇΓöÇΓöÇΓöÇΓöÇΓöÇΓöÇΓöÇΓöÇΓöÇΓöÇΓöÇΓöÇΓöÇΓöÇΓöÇΓöÇΓöÇΓöÇΓöÇΓöÇΓöÇΓöÇΓöÇΓöÇΓöÇΓöÇΓöÇΓöÇΓöÇΓöÇΓöÇΓöÇΓöÇΓöÇΓöÇΓöÇΓöÇΓöÇΓöÇΓöÇΓöÇΓöÇΓöÇΓöÇΓöÇ  ΓöÇΓöÇΓöÇΓöÇΓöÇΓöÇΓöÇΓöÇΓöÇΓöÇΓöÇΓöÇ
IndustrialFellowshipHelperTest.testCreateExpenceHead                         Fail     System.DmlException: Insert failed. First exception on row 0; first error: INVALID_OR_NULL_FOR_RESTRICTED_PICKLIST, Year: bad value for restricted picklist field: 2025: [Year__c]                       
                                                                                      Class.IndustrialFellowshipHelperTest.setupTestData: line 116, column 1                                                                                                                                               
IndustrialFellowshipHelperTest.testCreateExpenseDeclarationDetails           Fail     System.DmlException: Insert failed. First exception on row 0; first error: INVALID_OR_NULL_FOR_RESTRICTED_PICKLIST, Year: bad value for restricted picklist field: 2025: [Year__c]                       
                                                                                      Class.IndustrialFellowshipHelperTest.setupTestData: line 116, column 1                                                                                                                                               
IndustrialFellowshipHelperTest.testDeleteAccount                             Fail     System.DmlException: Insert failed. First exception on row 0; first error: INVALID_OR_NULL_FOR_RESTRICTED_PICKLIST, Year: bad value for restricted picklist field: 2025: [Year__c]                       
                                                                                      Class.IndustrialFellowshipHelperTest.setupTestData: line 116, column 1                                                                                                                                               
IndustrialFellowshipHelperTest.testDeleteContact                             Fail     System.DmlException: Insert failed. First exception on row 0; first error: INVALID_OR_NULL_FOR_RESTRICTED_PICKLIST, Year: bad value for restricted picklist field: 2025: [Year__c]                       
                                                                                      Class.IndustrialFellowshipHelperTest.setupTestData: line 116, column 1                                                                                                                                               
IndustrialFellowshipHelperTest.testDeleteEducation                           Fail     System.DmlException: Insert failed. First exception on row 0; first error: INVALID_OR_NULL_FOR_RESTRICTED_PICKLIST, Year: bad value for restricted picklist field: 2025: [Year__c]                       
                                                                                      Class.IndustrialFellowshipHelperTest.setupTestData: line 116, column 1                                                                                                                                               
IndustrialFellowshipHelperTest.testDeleteEducationLineItem                   Fail     System.DmlException: Insert failed. First exception on row 0; first error: INVALID_OR_NULL_FOR_RESTRICTED_PICKLIST, Year: bad value for restricted picklist field: 2025: [Year__c]                       
                                                                                      Class.IndustrialFellowshipHelperTest.setupTestData: line 116, column 1                                                                                                                                               
IndustrialFellowshipHelperTest.testDeleteEmployment                          Fail     System.DmlException: Insert failed. First exception on row 0; first error: INVALID_OR_NULL_FOR_RESTRICTED_PICKLIST, Year: bad value for restricted picklist field: 2025: [Year__c]                       
                                                                                      Class.IndustrialFellowshipHelperTest.setupTestData: line 116, column 1                                                                                                                                               
IndustrialFellowshipHelperTest.testDeletePublication                         Fail     System.DmlException: Insert failed. First exception on row 0; first error: INVALID_OR_NULL_FOR_RESTRICTED_PICKLIST, Year: bad value for restricted picklist field: 2025: [Year__c]                       
                                                                                      Class.IndustrialFellowshipHelperTest.setupTestData: line 116, column 1                                                                                                                                               
IndustrialFellowshipHelperTest.testDeleteWorkPackageDetails                  Fail     System.DmlException: Insert failed. First exception on row 0; first error: INVALID_OR_NULL_FOR_RESTRICTED_PICKLIST, Year: bad value for restricted picklist field: 2025: [Year__c]                       
                                                                                      Class.IndustrialFellowshipHelperTest.setupTestData: line 116, column 1                                                                                                                                               
IndustrialFellowshipHelperTest.testDoUploadAttachment                        Fail     System.DmlException: Insert failed. First exception on row 0; first error: INVALID_OR_NULL_FOR_RESTRICTED_PICKLIST, Year: bad value for restricted picklist field: 2025: [Year__c]                       
                                                                                      Class.IndustrialFellowshipHelperTest.setupTestData: line 116, column 1                                                                                                                                               
IndustrialFellowshipHelperTest.testFetchProjectId                            Fail     System.DmlException: Insert failed. First exception on row 0; first error: INVALID_OR_NULL_FOR_RESTRICTED_PICKLIST, Year: bad value for restricted picklist field: 2025: [Year__c]                       
                                                                                      Class.IndustrialFellowshipHelperTest.setupTestData: line 116, column 1                                                                                                                                               
IndustrialFellowshipHelperTest.testGetBankDetails                            Fail     System.DmlException: Insert failed. First exception on row 0; first error: INVALID_OR_NULL_FOR_RESTRICTED_PICKLIST, Year: bad value for restricted picklist field: 2025: [Year__c]                       
                                                                                      Class.IndustrialFellowshipHelperTest.setupTestData: line 116, column 1                                                                                                                                               
IndustrialFellowshipHelperTest.testGetCongaDoc                               Fail     System.DmlException: Insert failed. First exception on row 0; first error: INVALID_OR_NULL_FOR_RESTRICTED_PICKLIST, Year: bad value for restricted picklist field: 2025: [Year__c]                       
                                                                                      Class.IndustrialFellowshipHelperTest.setupTestData: line 116, column 1                                                                                                                                               
IndustrialFellowshipHelperTest.testGetContactInfoWiser                       Fail     System.DmlException: Insert failed. First exception on row 0; first error: INVALID_OR_NULL_FOR_RESTRICTED_PICKLIST, Year: bad value for restricted picklist field: 2025: [Year__c]                       
                                                                                      Class.IndustrialFellowshipHelperTest.setupTestData: line 116, column 1                                                                                                                                               
IndustrialFellowshipHelperTest.testGetContactUserDoc                         Fail     System.DmlException: Insert failed. First exception on row 0; first error: INVALID_OR_NULL_FOR_RESTRICTED_PICKLIST, Year: bad value for restricted picklist field: 2025: [Year__c]                       
                                                                                      Class.IndustrialFellowshipHelperTest.setupTestData: line 116, column 1                                                                                                                                               
IndustrialFellowshipHelperTest.testGetExpenseRecords                         Fail     System.DmlException: Insert failed. First exception on row 0; first error: INVALID_OR_NULL_FOR_RESTRICTED_PICKLIST, Year: bad value for restricted picklist field: 2025: [Year__c]                       
                                                                                      Class.IndustrialFellowshipHelperTest.setupTestData: line 116, column 1                                                                                                                                               
IndustrialFellowshipHelperTest.testGetProposalAccounts                       Fail     System.DmlException: Insert failed. First exception on row 0; first error: INVALID_OR_NULL_FOR_RESTRICTED_PICKLIST, Year: bad value for restricted picklist field: 2025: [Year__c]                       
                                                                                      Class.IndustrialFellowshipHelperTest.setupTestData: line 116, column 1                                                                                                                                               
IndustrialFellowshipHelperTest.testInsertApplicantDetails                    Fail     System.DmlException: Insert failed. First exception on row 0; first error: INVALID_OR_NULL_FOR_RESTRICTED_PICKLIST, Year: bad value for restricted picklist field: 2025: [Year__c]                       
                                                                                      Class.IndustrialFellowshipHelperTest.setupTestData: line 116, column 1                                                                                                                                               
IndustrialFellowshipHelperTest.testInsertHostInfoDetails                     Fail     System.DmlException: Insert failed. First exception on row 0; first error: INVALID_OR_NULL_FOR_RESTRICTED_PICKLIST, Year: bad value for restricted picklist field: 2025: [Year__c]                       
                                                                                      Class.IndustrialFellowshipHelperTest.setupTestData: line 116, column 1                                                                                                                                               
IndustrialFellowshipHelperTest.testInsertHostProjectDetails                  Fail     System.DmlException: Insert failed. First exception on row 0; first error: INVALID_OR_NULL_FOR_RESTRICTED_PICKLIST, Year: bad value for restricted picklist field: 2025: [Year__c]                       
                                                                                      Class.IndustrialFellowshipHelperTest.setupTestData: line 116, column 1                                                                                                                                               
IndustrialFellowshipHelperTest.testLogoutApplicant                           Fail     System.DmlException: Insert failed. First exception on row 0; first error: INVALID_OR_NULL_FOR_RESTRICTED_PICKLIST, Year: bad value for restricted picklist field: 2025: [Year__c]                       
                                                                                      Class.IndustrialFellowshipHelperTest.setupTestData: line 116, column 1                                                                                                                                               
IndustrialFellowshipHelperTest.testReviewAppDocGen                           Fail     System.DmlException: Insert failed. First exception on row 0; first error: INVALID_OR_NULL_FOR_RESTRICTED_PICKLIST, Year: bad value for restricted picklist field: 2025: [Year__c]                       
                                                                                      Class.IndustrialFellowshipHelperTest.setupTestData: line 116, column 1                                                                                                                                               
IndustrialFellowshipHelperTest.testSaveAccountBankDetails                    Fail     System.DmlException: Insert failed. First exception on row 0; first error: INVALID_OR_NULL_FOR_RESTRICTED_PICKLIST, Year: bad value for restricted picklist field: 2025: [Year__c]                       
                                                                                      Class.IndustrialFellowshipHelperTest.setupTestData: line 116, column 1                                                                                                                                               
IndustrialFellowshipHelperTest.testSaveAccountContactEduOtherDetList         Fail     System.DmlException: Insert failed. First exception on row 0; first error: INVALID_OR_NULL_FOR_RESTRICTED_PICKLIST, Year: bad value for restricted picklist field: 2025: [Year__c]                       
                                                                                      Class.IndustrialFellowshipHelperTest.setupTestData: line 116, column 1                                                                                                                                               
IndustrialFellowshipHelperTest.testSaveApplicantPortalSingh                  Fail     System.DmlException: Insert failed. First exception on row 0; first error: INVALID_OR_NULL_FOR_RESTRICTED_PICKLIST, Year: bad value for restricted picklist field: 2025: [Year__c]                       
                                                                                      Class.IndustrialFellowshipHelperTest.setupTestData: line 116, column 1                                                                                                                                               
IndustrialFellowshipHelperTest.testSaveBankDet                               Fail     System.DmlException: Insert failed. First exception on row 0; first error: INVALID_OR_NULL_FOR_RESTRICTED_PICKLIST, Year: bad value for restricted picklist field: 2025: [Year__c]                       
                                                                                      Class.IndustrialFellowshipHelperTest.setupTestData: line 116, column 1                                                                                                                                               
IndustrialFellowshipHelperTest.testSaveContactEmployement                    Fail     System.DmlException: Insert failed. First exception on row 0; first error: INVALID_OR_NULL_FOR_RESTRICTED_PICKLIST, Year: bad value for restricted picklist field: 2025: [Year__c]                       
                                                                                      Class.IndustrialFellowshipHelperTest.setupTestData: line 116, column 1                                                                                                                                               
IndustrialFellowshipHelperTest.testSaveEduDetailIF                           Fail     System.DmlException: Insert failed. First exception on row 0; first error: INVALID_OR_NULL_FOR_RESTRICTED_PICKLIST, Year: bad value for restricted picklist field: 2025: [Year__c]                       
                                                                                      Class.IndustrialFellowshipHelperTest.setupTestData: line 116, column 1                                                                                                                                               
IndustrialFellowshipHelperTest.testSaveExpenceLineItem                       Fail     System.DmlException: Insert failed. First exception on row 0; first error: INVALID_OR_NULL_FOR_RESTRICTED_PICKLIST, Year: bad value for restricted picklist field: 2025: [Year__c]                       
                                                                                      Class.IndustrialFellowshipHelperTest.setupTestData: line 116, column 1                                                                                                                                               
IndustrialFellowshipHelperTest.testSaveExpenceLineItemWISER                  Fail     System.DmlException: Insert failed. First exception on row 0; first error: INVALID_OR_NULL_FOR_RESTRICTED_PICKLIST, Year: bad value for restricted picklist field: 2025: [Year__c]                       
                                                                                      Class.IndustrialFellowshipHelperTest.setupTestData: line 116, column 1                                                                                                                                               
IndustrialFellowshipHelperTest.testSaveFellowshipDetails                     Fail     System.DmlException: Insert failed. First exception on row 0; first error: INVALID_OR_NULL_FOR_RESTRICTED_PICKLIST, Year: bad value for restricted picklist field: 2025: [Year__c]                       
                                                                                      Class.IndustrialFellowshipHelperTest.setupTestData: line 116, column 1                                                                                                                                               
IndustrialFellowshipHelperTest.testSaveFellowshipProposal                    Fail     System.DmlException: Insert failed. First exception on row 0; first error: INVALID_OR_NULL_FOR_RESTRICTED_PICKLIST, Year: bad value for restricted picklist field: 2025: [Year__c]                       
                                                                                      Class.IndustrialFellowshipHelperTest.setupTestData: line 116, column 1                                                                                                                                               
IndustrialFellowshipHelperTest.testSaveOtherDet                              Fail     System.DmlException: Insert failed. First exception on row 0; first error: INVALID_OR_NULL_FOR_RESTRICTED_PICKLIST, Year: bad value for restricted picklist field: 2025: [Year__c]                       
                                                                                      Class.IndustrialFellowshipHelperTest.setupTestData: line 116, column 1                                                                                                                                               
IndustrialFellowshipHelperTest.testSaveProjectDetailsSing                    Fail     System.DmlException: Insert failed. First exception on row 0; first error: INVALID_OR_NULL_FOR_RESTRICTED_PICKLIST, Year: bad value for restricted picklist field: 2025: [Year__c]                       
                                                                                      Class.IndustrialFellowshipHelperTest.setupTestData: line 116, column 1                                                                                                                                               
IndustrialFellowshipHelperTest.testSaveWorkPackageDet                        Fail     System.DmlException: Insert failed. First exception on row 0; first error: INVALID_OR_NULL_FOR_RESTRICTED_PICKLIST, Year: bad value for restricted picklist field: 2025: [Year__c]                       
                                                                                      Class.IndustrialFellowshipHelperTest.setupTestData: line 116, column 1                                                                                                                                               
IndustrialFellowshipHelperTest.testSubmitProposalIF                          Fail     System.DmlException: Insert failed. First exception on row 0; first error: INVALID_OR_NULL_FOR_RESTRICTED_PICKLIST, Year: bad value for restricted picklist field: 2025: [Year__c]                       
                                                                                      Class.IndustrialFellowshipHelperTest.setupTestData: line 116, column 1                                                                                                                                               
IndustrialFellowshipHelperTest.testSubmitSingApp                             Fail     System.DmlException: Insert failed. First exception on row 0; first error: INVALID_OR_NULL_FOR_RESTRICTED_PICKLIST, Year: bad value for restricted picklist field: 2025: [Year__c]                       
                                                                                      Class.IndustrialFellowshipHelperTest.setupTestData: line 116, column 1                                                                                                                                               
IndustrialFellowshipHelperTest.testUpdateIFDocStatus                         Fail     System.DmlException: Insert failed. First exception on row 0; first error: INVALID_OR_NULL_FOR_RESTRICTED_PICKLIST, Year: bad value for restricted picklist field: 2025: [Year__c]                       
                                                                                      Class.IndustrialFellowshipHelperTest.setupTestData: line 116, column 1                                                                                                                                               
IndustrialFellowshipHelperTest.testUpdateIndusrianFellowshipBasicDet         Fail     System.DmlException: Insert failed. First exception on row 0; first error: INVALID_OR_NULL_FOR_RESTRICTED_PICKLIST, Year: bad value for restricted picklist field: 2025: [Year__c]                       
                                                                                      Class.IndustrialFellowshipHelperTest.setupTestData: line 116, column 1                                                                                                                                               
IndustrialFellowshipHelperTest.testUpdatePersonalInfoIF                      Fail     System.DmlException: Insert failed. First exception on row 0; first error: INVALID_OR_NULL_FOR_RESTRICTED_PICKLIST, Year: bad value for restricted picklist field: 2025: [Year__c]                       
                                                                                      Class.IndustrialFellowshipHelperTest.setupTestData: line 116, column 1                                                                                                                                               
IndustrialFellowshipHelperTest.testUploadAttachments                         Fail     System.DmlException: Insert failed. First exception on row 0; first error: INVALID_OR_NULL_FOR_RESTRICTED_PICKLIST, Year: bad value for restricted picklist field: 2025: [Year__c]                       
                                                                                      Class.IndustrialFellowshipHelperTest.setupTestData: line 116, column 1                                                                                                                                               
IndustrialFellowshipHelperTest.testUploadDocuments                           Fail     System.DmlException: Insert failed. First exception on row 0; first error: INVALID_OR_NULL_FOR_RESTRICTED_PICKLIST, Year: bad value for restricted picklist field: 2025: [Year__c]                       
                                                                                      Class.IndustrialFellowshipHelperTest.setupTestData: line 116, column 1                                                                                                                                               
IndustrialFellowshipHelperTest.testUpsertAchievements                        Fail     System.DmlException: Insert failed. First exception on row 0; first error: INVALID_OR_NULL_FOR_RESTRICTED_PICKLIST, Year: bad value for restricted picklist field: 2025: [Year__c]                       
                                                                                      Class.IndustrialFellowshipHelperTest.setupTestData: line 116, column 1                                                                                                                                               
IndustrialFellowshipHelperTest.testUpsertConsortiaAccountDet                 Fail     System.DmlException: Insert failed. First exception on row 0; first error: INVALID_OR_NULL_FOR_RESTRICTED_PICKLIST, Year: bad value for restricted picklist field: 2025: [Year__c]                       
                                                                                      Class.IndustrialFellowshipHelperTest.setupTestData: line 116, column 1                                                                                                                                               
IndustrialFellowshipHelperTest.testUpsertConsortiaContactsDet                Fail     System.DmlException: Insert failed. First exception on row 0; first error: INVALID_OR_NULL_FOR_RESTRICTED_PICKLIST, Year: bad value for restricted picklist field: 2025: [Year__c]                       
                                                                                      Class.IndustrialFellowshipHelperTest.setupTestData: line 116, column 1                                                                                                                                               
ApplicantPortal_ContollerTest.testConstructor                                Pass                                                                                                                                                                                                              930         
ApplicantPortal_ContollerTest.testCreateSupportCase                          Pass                                                                                                                                                                                                              320         
ApplicantPortal_ContollerTest.testCreateTicket                               Pass                                                                                                                                                                                                              267         
ApplicantPortal_ContollerTest.testFetchAllThematicArea                       Pass                                                                                                                                                                                                              20          
ApplicantPortal_ContollerTest.testFetchCampaignThemes                        Pass                                                                                                                                                                                                              21          
ApplicantPortal_ContollerTest.testGenerateCaptcha                            Pass                                                                                                                                                                                                              12          
ApplicantPortal_ContollerTest.testGenerateRandomString                       Pass                                                                                                                                                                                                              13          
ApplicantPortal_ContollerTest.testGetAchievementListJSON                     Pass                                                                                                                                                                                                              335         
ApplicantPortal_ContollerTest.testGetActiveCampaignYearlyCall                Pass                                                                                                                                                                                                              26          
ApplicantPortal_ContollerTest.testGetApplicantData                           Pass                                                                                                                                                                                                              67          
ApplicantPortal_ContollerTest.testGetApplicantDetails                        Pass                                                                                                                                                                                                              88          
ApplicantPortal_ContollerTest.testGetContactName                             Pass                                                                                                                                                                                                              31          
ApplicantPortal_ContollerTest.testGetEducationListJSON                       Pass                                                                                                                                                                                                              297         
ApplicantPortal_ContollerTest.testGetEmploymentListJSON                      Pass                                                                                                                                                                                                              387         
ApplicantPortal_ContollerTest.testGetFAQLinks                                Pass                                                                                                                                                                                                              22          
ApplicantPortal_ContollerTest.testGetMyTickets                               Pass                                                                                                                                                                                                              29          
ApplicantPortal_ContollerTest.testGetProfileImageUrl                         Pass                                                                                                                                                                                                              362         
ApplicantPortal_ContollerTest.testGetProposalStageUsingProposalId            Pass                                                                                                                                                                                                              38          
ApplicantPortal_ContollerTest.testGetProposalsForContact                     Pass                                                                                                                                                                                                              34          
ApplicantPortal_ContollerTest.testGetUserDetails                             Pass                                                                                                                                                                                                              31          
ApplicantPortal_ContollerTest.testInsertApplication                          Fail     System.AuraHandledException: Script-thrown exception                                                                                                                                                     
                                                                                      Class.Proposal_Controller.insertApplication: line 161, column 1                                                                                                                                          
                                                                                      Class.ApplicantPortal_Contoller.insertApplication: line 974, column 1                                                                                                                                    
                                                                                      Class.ApplicantPortal_ContollerTest.testInsertApplication: line 340, column 1                                                                                                                                        
ApplicantPortal_ContollerTest.testInsertNewUser                              Pass                                                                                                                                                                                                              35          
ApplicantPortal_ContollerTest.testValidateFormRemote                         Pass                                                                                                                                                                                                              30          
IndustrialFellowshipControllerTest.testCreateExpenceHead                     Pass                                                                                                                                                                                                              41          
IndustrialFellowshipControllerTest.testCreateExpenseDeclarationDetails       Pass                                                                                                                                                                                                              36          
IndustrialFellowshipControllerTest.testDeleteAccount                         Pass                                                                                                                                                                                                              504         
IndustrialFellowshipControllerTest.testDeleteContact                         Pass                                                                                                                                                                                                              160         
IndustrialFellowshipControllerTest.testDeleteEducation                       Pass                                                                                                                                                                                                              89          
IndustrialFellowshipControllerTest.testDeleteEducationLineItem               Pass                                                                                                                                                                                                              92          
IndustrialFellowshipControllerTest.testDeleteEmployment                      Pass                                                                                                                                                                                                              88          
IndustrialFellowshipControllerTest.testDeletePublication                     Pass                                                                                                                                                                                                              96          
IndustrialFellowshipControllerTest.testDeleteWorkPackageDetails              Pass                                                                                                                                                                                                              83          
IndustrialFellowshipControllerTest.testDoCUploadAttachmentA                  Pass                                                                                                                                                                                                              783         
IndustrialFellowshipControllerTest.testDoUploadAttachment                    Pass                                                                                                                                                                                                              446         
IndustrialFellowshipControllerTest.testGetAccountBankDetails                 Pass                                                                                                                                                                                                              39          
IndustrialFellowshipControllerTest.testGetAccountContactEduOtherDetList      Pass                                                                                                                                                                                                              46          
IndustrialFellowshipControllerTest.testGetAchievementsDet                    Pass                                                                                                                                                                                                              36          
IndustrialFellowshipControllerTest.testGetAllUserDoc                         Pass                                                                                                                                                                                                              66          
IndustrialFellowshipControllerTest.testGetBankDetails                        Pass                                                                                                                                                                                                              33          
IndustrialFellowshipControllerTest.testGetCongaDoc                           Pass                                                                                                                                                                                                              25          
IndustrialFellowshipControllerTest.testGetContactDetailsFellowDet            Pass                                                                                                                                                                                                              71          
IndustrialFellowshipControllerTest.testGetContactEduOtherDet                 Pass                                                                                                                                                                                                              73          
IndustrialFellowshipControllerTest.testGetContactEmployement                 Pass                                                                                                                                                                                                              49          
IndustrialFellowshipControllerTest.testGetContactHostInfo                    Pass                                                                                                                                                                                                              26          
IndustrialFellowshipControllerTest.testGetContactSingh                       Pass                                                                                                                                                                                                              45          
IndustrialFellowshipControllerTest.testGetContactUserDoc                     Pass                                                                                                                                                                                                              56          
IndustrialFellowshipControllerTest.testGetContactWiser                       Pass                                                                                                                                                                                                              43          
IndustrialFellowshipControllerTest.testGetDocUploadDet                       Pass                                                                                                                                                                                                              45          
IndustrialFellowshipControllerTest.testGetDocUploadDetPECFAR                 Pass                                                                                                                                                                                                              52          
IndustrialFellowshipControllerTest.testGetEduQualification                   Pass                                                                                                                                                                                                              44          
IndustrialFellowshipControllerTest.testGetEducationQualificationData         Pass                                                                                                                                                                                                              35          
IndustrialFellowshipControllerTest.testGetEmploymentData                     Pass                                                                                                                                                                                                              29          
IndustrialFellowshipControllerTest.testGetExpenseRecords                     Pass                                                                                                                                                                                                              46          
IndustrialFellowshipControllerTest.testGetHostProjectDetails                 Pass                                                                                                                                                                                                              29          
IndustrialFellowshipControllerTest.testGetProposalAccounts                   Pass                                                                                                                                                                                                              73          
IndustrialFellowshipControllerTest.testGetProposalData                       Pass                                                                                                                                                                                                              29          
IndustrialFellowshipControllerTest.testGetProposalDet                        Pass                                                                                                                                                                                                              43          
IndustrialFellowshipControllerTest.testGetPublicationData                    Pass                                                                                                                                                                                                              34          
IndustrialFellowshipControllerTest.testGetWorkshopDocUpload                  Pass                                                                                                                                                                                                              37          
IndustrialFellowshipControllerTest.testReviewAppDocGen                       Pass                                                                                                                                                                                                              69          
IndustrialFellowshipControllerTest.testSaveAccountBankDetails                Pass                                                                                                                                                                                                              48          
IndustrialFellowshipControllerTest.testSaveApplicantPortalSingh              Pass                                                                                                                                                                                                              85          
IndustrialFellowshipControllerTest.testSaveApplicantPortalWiser              Pass                                                                                                                                                                                                              464         
IndustrialFellowshipControllerTest.testSaveApplicationPortalHostInformation  Fail     System.SObjectException: SObject row was retrieved via SOQL without querying the requested field: Contact.State__c                                                                                       
                                                                                      Class.IndustrialFellowshipHelper.insertHostInfoDetails: line 513, column 1                                                                                                                               
                                                                                      Class.IndustrialFellowshipController.saveApplicationPortalHostInformation: line 113, column 1                                                                                                            
                                                                                      Class.IndustrialFellowshipControllerTest.testSaveApplicationPortalHostInformation: line 402, column 1                                                                                                                
IndustrialFellowshipControllerTest.testSaveBankDet                           Pass                                                                                                                                                                                                              48          
IndustrialFellowshipControllerTest.testSaveContactEmployement                Pass                                                                                                                                                                                                              84          
IndustrialFellowshipControllerTest.testSaveEduDetailIF                       Pass                                                                                                                                                                                                              73          
IndustrialFellowshipControllerTest.testSaveExpenceLineItem                   Pass                                                                                                                                                                                                              448         
IndustrialFellowshipControllerTest.testSaveExpenceLineItemWISER              Pass                                                                                                                                                                                                              334         
IndustrialFellowshipControllerTest.testSaveFellowshipDetails                 Pass                                                                                                                                                                                                              82          
IndustrialFellowshipControllerTest.testSaveFellowshipProposal                Pass                                                                                                                                                                                                              437         
IndustrialFellowshipControllerTest.testSaveHostProjectInformation            Pass                                                                                                                                                                                                              237         
IndustrialFellowshipControllerTest.testSaveOtherDet                          Pass                                                                                                                                                                                                              102         
IndustrialFellowshipControllerTest.testSaveProjectDetailsSing                Pass                                                                                                                                                                                                              401         
IndustrialFellowshipControllerTest.testSaveWorkPackageDet                    Pass                                                                                                                                                                                                              31          
IndustrialFellowshipControllerTest.testSubmitProposalIF                      Pass                                                                                                                                                                                                              428         
IndustrialFellowshipControllerTest.testSubmitSingApp                         Pass                                                                                                                                                                                                              532         
IndustrialFellowshipControllerTest.testSubmitWiserBankDetails                Pass                                                                                                                                                                                                              59          
IndustrialFellowshipControllerTest.testUpdateIFDocStatus                     Pass                                                                                                                                                                                                              510         
IndustrialFellowshipControllerTest.testUpdateIndusrianFellowshipBasicDet     Fail     System.AuraHandledException: Script-thrown exception                                                                                                                                                     
                                                                                      Class.IndustrialFellowshipHelper.updateIndusrianFellowshipBasicDet: line 221, column 1                                                                                                                   
                                                                                      Class.IndustrialFellowshipController.updateIndusrianFellowshipBasicDet: line 352, column 1                                                                                                               
                                                                                      Class.IndustrialFellowshipControllerTest.testUpdateIndusrianFellowshipBasicDet: line 1021, column 1                                                                                                                  
IndustrialFellowshipControllerTest.testUploadAttachment                      Pass                                                                                                                                                                                                              515         
IndustrialFellowshipControllerTest.testUploadAttachments                     Pass                                                                                                                                                                                                              581         
IndustrialFellowshipControllerTest.testUploadDocuments                       Pass                                                                                                                                                                                                              510         
IndustrialFellowshipControllerTest.testUploadDocumentsUpdated                Pass                                                                                                                                                                                                              661         
IndustrialFellowshipControllerTest.testUpsertAchievements                    Pass                                                                                                                                                                                                              59          
IndustrialFellowshipControllerTest.testUpsertConsortiaAccountDet             Pass                                                                                                                                                                                                              74          
IndustrialFellowshipControllerTest.testUpsertConsortiaContactsDet            Pass                                                                                                                                                                                                              76          
Proposal_ControllerTest.testCreateUserDocument                               Fail     System.DmlException: Insert failed. First exception on row 0; first error: INVALID_OR_NULL_FOR_RESTRICTED_PICKLIST, Expanse Head: bad value for restricted picklist field: Test Head: [Expanse_Head__c]  
                                                                                      Class.Proposal_ControllerTest.setupTestData: line 87, column 1                                                                                                                                                       
Proposal_ControllerTest.testDeleteAccountDetails                             Fail     System.DmlException: Insert failed. First exception on row 0; first error: INVALID_OR_NULL_FOR_RESTRICTED_PICKLIST, Expanse Head: bad value for restricted picklist field: Test Head: [Expanse_Head__c]  
                                                                                      Class.Proposal_ControllerTest.setupTestData: line 87, column 1                                                                                                                                                       
Proposal_ControllerTest.testDeleteContact                                    Fail     System.DmlException: Insert failed. First exception on row 0; first error: INVALID_OR_NULL_FOR_RESTRICTED_PICKLIST, Expanse Head: bad value for restricted picklist field: Test Head: [Expanse_Head__c]  
                                                                                      Class.Proposal_ControllerTest.setupTestData: line 87, column 1                                                                                                                                                       
Proposal_ControllerTest.testDeleteThematicArea                               Fail     System.DmlException: Insert failed. First exception on row 0; first error: INVALID_OR_NULL_FOR_RESTRICTED_PICKLIST, Expanse Head: bad value for restricted picklist field: Test Head: [Expanse_Head__c]  
                                                                                      Class.Proposal_ControllerTest.setupTestData: line 87, column 1                                                                                                                                                       
Proposal_ControllerTest.testDoCUploadAttachment                              Fail     System.DmlException: Insert failed. First exception on row 0; first error: INVALID_OR_NULL_FOR_RESTRICTED_PICKLIST, Expanse Head: bad value for restricted picklist field: Test Head: [Expanse_Head__c]  
                                                                                      Class.Proposal_ControllerTest.setupTestData: line 87, column 1                                                                                                                                                       
Proposal_ControllerTest.testFetchAllThematicArea                             Fail     System.DmlException: Insert failed. First exception on row 0; first error: INVALID_OR_NULL_FOR_RESTRICTED_PICKLIST, Expanse Head: bad value for restricted picklist field: Test Head: [Expanse_Head__c]  
                                                                                      Class.Proposal_ControllerTest.setupTestData: line 87, column 1                                                                                                                                                       
Proposal_ControllerTest.testGetApplicantDetails                              Fail     System.DmlException: Insert failed. First exception on row 0; first error: INVALID_OR_NULL_FOR_RESTRICTED_PICKLIST, Expanse Head: bad value for restricted picklist field: Test Head: [Expanse_Head__c]  
                                                                                      Class.Proposal_ControllerTest.setupTestData: line 87, column 1                                                                                                                                                       
Proposal_ControllerTest.testGetApplicantDetailsForGrant                      Fail     System.DmlException: Insert failed. First exception on row 0; first error: INVALID_OR_NULL_FOR_RESTRICTED_PICKLIST, Expanse Head: bad value for restricted picklist field: Test Head: [Expanse_Head__c]  
                                                                                      Class.Proposal_ControllerTest.setupTestData: line 87, column 1                                                                                                                                                       
Proposal_ControllerTest.testGetCompanyApplicantDetails                       Fail     System.DmlException: Insert failed. First exception on row 0; first error: INVALID_OR_NULL_FOR_RESTRICTED_PICKLIST, Expanse Head: bad value for restricted picklist field: Test Head: [Expanse_Head__c]  
                                                                                      Class.Proposal_ControllerTest.setupTestData: line 87, column 1                                                                                                                                                       
Proposal_ControllerTest.testGetContactDetails                                Fail     System.DmlException: Insert failed. First exception on row 0; first error: INVALID_OR_NULL_FOR_RESTRICTED_PICKLIST, Expanse Head: bad value for restricted picklist field: Test Head: [Expanse_Head__c]  
                                                                                      Class.Proposal_ControllerTest.setupTestData: line 87, column 1                                                                                                                                                       
Proposal_ControllerTest.testGetCvDetails                                     Fail     System.DmlException: Insert failed. First exception on row 0; first error: INVALID_OR_NULL_FOR_RESTRICTED_PICKLIST, Expanse Head: bad value for restricted picklist field: Test Head: [Expanse_Head__c]  
                                                                                      Class.Proposal_ControllerTest.setupTestData: line 87, column 1                                                                                                                                                       
Proposal_ControllerTest.testGetPatnerDetails                                 Fail     System.DmlException: Insert failed. First exception on row 0; first error: INVALID_OR_NULL_FOR_RESTRICTED_PICKLIST, Expanse Head: bad value for restricted picklist field: Test Head: [Expanse_Head__c]  
                                                                                      Class.Proposal_ControllerTest.setupTestData: line 87, column 1                                                                                                                                                       
Proposal_ControllerTest.testGetPatnerDetails3                                Fail     System.DmlException: Insert failed. First exception on row 0; first error: INVALID_OR_NULL_FOR_RESTRICTED_PICKLIST, Expanse Head: bad value for restricted picklist field: Test Head: [Expanse_Head__c]  
                                                                                      Class.Proposal_ControllerTest.setupTestData: line 87, column 1                                                                                                                                                       
Proposal_ControllerTest.testGetPatnerDetailsByProposalId                     Fail     System.DmlException: Insert failed. First exception on row 0; first error: INVALID_OR_NULL_FOR_RESTRICTED_PICKLIST, Expanse Head: bad value for restricted picklist field: Test Head: [Expanse_Head__c]  
                                                                                      Class.Proposal_ControllerTest.setupTestData: line 87, column 1                                                                                                                                                       
Proposal_ControllerTest.testGetProjectDetailsDetails                         Fail     System.DmlException: Insert failed. First exception on row 0; first error: INVALID_OR_NULL_FOR_RESTRICTED_PICKLIST, Expanse Head: bad value for restricted picklist field: Test Head: [Expanse_Head__c]  
                                                                                      Class.Proposal_ControllerTest.setupTestData: line 87, column 1                                                                                                                                                       
Proposal_ControllerTest.testGetProjectDetailsForPI                           Fail     System.DmlException: Insert failed. First exception on row 0; first error: INVALID_OR_NULL_FOR_RESTRICTED_PICKLIST, Expanse Head: bad value for restricted picklist field: Test Head: [Expanse_Head__c]  
                                                                                      Class.Proposal_ControllerTest.setupTestData: line 87, column 1                                                                                                                                                       
Proposal_ControllerTest.testGetProjectdetils                                 Fail     System.DmlException: Insert failed. First exception on row 0; first error: INVALID_OR_NULL_FOR_RESTRICTED_PICKLIST, Expanse Head: bad value for restricted picklist field: Test Head: [Expanse_Head__c]  
                                                                                      Class.Proposal_ControllerTest.setupTestData: line 87, column 1                                                                                                                                                       
Proposal_ControllerTest.testGetSinglePatnerDetails                           Fail     System.DmlException: Insert failed. First exception on row 0; first error: INVALID_OR_NULL_FOR_RESTRICTED_PICKLIST, Expanse Head: bad value for restricted picklist field: Test Head: [Expanse_Head__c]  
                                                                                      Class.Proposal_ControllerTest.setupTestData: line 87, column 1                                                                                                                                                       
Proposal_ControllerTest.testGetWorkPackageDetails                            Fail     System.DmlException: Insert failed. First exception on row 0; first error: INVALID_OR_NULL_FOR_RESTRICTED_PICKLIST, Expanse Head: bad value for restricted picklist field: Test Head: [Expanse_Head__c]  
                                                                                      Class.Proposal_ControllerTest.setupTestData: line 87, column 1                                                                                                                                                       
Proposal_ControllerTest.testInsertAccount                                    Fail     System.DmlException: Insert failed. First exception on row 0; first error: INVALID_OR_NULL_FOR_RESTRICTED_PICKLIST, Expanse Head: bad value for restricted picklist field: Test Head: [Expanse_Head__c]  
                                                                                      Class.Proposal_ControllerTest.setupTestData: line 87, column 1                                                                                                                                                       
Proposal_ControllerTest.testInsertAccountAndContact                          Fail     System.DmlException: Insert failed. First exception on row 0; first error: INVALID_OR_NULL_FOR_RESTRICTED_PICKLIST, Expanse Head: bad value for restricted picklist field: Test Head: [Expanse_Head__c]  
                                                                                      Class.Proposal_ControllerTest.setupTestData: line 87, column 1                                                                                                                                                       
Proposal_ControllerTest.testInsertApplicant                                  Fail     System.DmlException: Insert failed. First exception on row 0; first error: INVALID_OR_NULL_FOR_RESTRICTED_PICKLIST, Expanse Head: bad value for restricted picklist field: Test Head: [Expanse_Head__c]  
                                                                                      Class.Proposal_ControllerTest.setupTestData: line 87, column 1                                                                                                                                                       
Proposal_ControllerTest.testInsertApplication                                Fail     System.DmlException: Insert failed. First exception on row 0; first error: INVALID_OR_NULL_FOR_RESTRICTED_PICKLIST, Expanse Head: bad value for restricted picklist field: Test Head: [Expanse_Head__c]  
                                                                                      Class.Proposal_ControllerTest.setupTestData: line 87, column 1                                                                                                                                                       
Proposal_ControllerTest.testInsertContactDetails                             Fail     System.DmlException: Insert failed. First exception on row 0; first error: INVALID_OR_NULL_FOR_RESTRICTED_PICKLIST, Expanse Head: bad value for restricted picklist field: Test Head: [Expanse_Head__c]  
                                                                                      Class.Proposal_ControllerTest.setupTestData: line 87, column 1                                                                                                                                                       
Proposal_ControllerTest.testInsertDeliverables                               Fail     System.DmlException: Insert failed. First exception on row 0; first error: INVALID_OR_NULL_FOR_RESTRICTED_PICKLIST, Expanse Head: bad value for restricted picklist field: Test Head: [Expanse_Head__c]  
                                                                                      Class.Proposal_ControllerTest.setupTestData: line 87, column 1                                                                                                                                                       
Proposal_ControllerTest.testInsertExistingGrants                             Fail     System.DmlException: Insert failed. First exception on row 0; first error: INVALID_OR_NULL_FOR_RESTRICTED_PICKLIST, Expanse Head: bad value for restricted picklist field: Test Head: [Expanse_Head__c]  
                                                                                      Class.Proposal_ControllerTest.setupTestData: line 87, column 1                                                                                                                                                       
Proposal_ControllerTest.testInsertFinancialDetails                           Fail     System.DmlException: Insert failed. First exception on row 0; first error: INVALID_OR_NULL_FOR_RESTRICTED_PICKLIST, Expanse Head: bad value for restricted picklist field: Test Head: [Expanse_Head__c]  
                                                                                      Class.Proposal_ControllerTest.setupTestData: line 87, column 1                                                                                                                                                       
Proposal_ControllerTest.testInsertPartnerInformation                         Fail     System.DmlException: Insert failed. First exception on row 0; first error: INVALID_OR_NULL_FOR_RESTRICTED_PICKLIST, Expanse Head: bad value for restricted picklist field: Test Head: [Expanse_Head__c]  
                                                                                      Class.Proposal_ControllerTest.setupTestData: line 87, column 1                                                                                                                                                       
Proposal_ControllerTest.testInsertProjectDetails                             Fail     System.DmlException: Insert failed. First exception on row 0; first error: INVALID_OR_NULL_FOR_RESTRICTED_PICKLIST, Expanse Head: bad value for restricted picklist field: Test Head: [Expanse_Head__c]  
                                                                                      Class.Proposal_ControllerTest.setupTestData: line 87, column 1                                                                                                                                                       
Proposal_ControllerTest.testInsertWiserDraft                                 Fail     System.DmlException: Insert failed. First exception on row 0; first error: INVALID_OR_NULL_FOR_RESTRICTED_PICKLIST, Expanse Head: bad value for restricted picklist field: Test Head: [Expanse_Head__c]  
                                                                                      Class.Proposal_ControllerTest.setupTestData: line 87, column 1                                                                                                                                                       
IndustrialFellowshipModelTest.testGetAccountBankDetails                      Pass                                                                                                                                                                                                              38          
IndustrialFellowshipModelTest.testGetAccountContactEduOtherDetList           Pass                                                                                                                                                                                                              50          
IndustrialFellowshipModelTest.testGetAchievementsDet                         Pass                                                                                                                                                                                                              44          
IndustrialFellowshipModelTest.testGetAllUserDoc                              Pass                                                                                                                                                                                                              89          
IndustrialFellowshipModelTest.testGetCampaignEndDate                         Pass                                                                                                                                                                                                              30          
IndustrialFellowshipModelTest.testGetContactDetailsFellowDet                 Pass                                                                                                                                                                                                              100         
IndustrialFellowshipModelTest.testGetContactEduOtherDet                      Pass                                                                                                                                                                                                              81          
IndustrialFellowshipModelTest.testGetContactEmployement                      Pass                                                                                                                                                                                                              56          
IndustrialFellowshipModelTest.testGetContactHostInfo                         Pass                                                                                                                                                                                                              52          
IndustrialFellowshipModelTest.testGetContactSingh                            Pass                                                                                                                                                                                                              45          
IndustrialFellowshipModelTest.testGetDocUploadDet                            Pass                                                                                                                                                                                                              47          
IndustrialFellowshipModelTest.testGetDocUploadDetPECFAR                      Pass                                                                                                                                                                                                              58          
IndustrialFellowshipModelTest.testGetEduQualification                        Pass                                                                                                                                                                                                              46          
IndustrialFellowshipModelTest.testGetEducationQualificationData              Pass                                                                                                                                                                                                              36          
IndustrialFellowshipModelTest.testGetEmploymentData                          Pass                                                                                                                                                                                                              31          
IndustrialFellowshipModelTest.testGetHostProjectDetails                      Pass                                                                                                                                                                                                              31          
IndustrialFellowshipModelTest.testGetProposalDet                             Pass                                                                                                                                                                                                              44          
IndustrialFellowshipModelTest.testGetPublicationData                         Pass                                                                                                                                                                                                              41          
IndustrialFellowshipModelTest.testGetWorkshopDocUpload                       Pass                                                                                                                                                                                                              36          


=== Apex Code Coverage by Class
CLASSES                         PERCENT  UNCOVERED LINES       
ΓöÇΓöÇΓöÇΓöÇΓöÇΓöÇΓöÇΓöÇΓöÇΓöÇΓöÇΓöÇΓöÇΓöÇΓöÇΓöÇΓöÇΓöÇΓöÇΓöÇΓöÇΓöÇΓöÇΓöÇΓöÇΓöÇΓöÇΓöÇΓöÇΓöÇ  ΓöÇΓöÇΓöÇΓöÇΓöÇΓöÇΓöÇ  ΓöÇΓöÇΓöÇΓöÇΓöÇΓöÇΓöÇΓöÇΓöÇΓöÇΓöÇΓöÇΓöÇΓöÇΓöÇΓöÇΓöÇΓöÇΓöÇΓöÇΓöÇΓöÇ
ProposalTriggerHandler          22%      24,71,72,80,81...     
SharePointCallout               21%      4,6,8,10,11...        
CongaDocGeneration              48%      5,6,8,9,10...         
SharePointHandler               3%       6,7,8,11,12...        
Utility                         48%      20,21,22,23,24...     
CongaHelperToolLightning        5%       27,29,33,34,35...     
TriggerOnProposal               100%                           
WorkPackageTrigger              0%                             
IndustrialFellowshipController  88%      2,175,176,177,378...  
Constants                       100%                           
IndustrialFellowshipModel       86%      144,148,167,175,176...
Proposal_Controller             1%       59,62,72,107,108...   
IndustrialFellowshipHelper      51%      191,193,196,197,201...
ApplicantPortal_Contoller       22%      30,57,66,75,84...     
AttachmentTriggerHelper         1%       25,27,29,30,32...     
AttachmentTrigger               60%      25,28,40,41,42...     
EmailFlowHelper                 35%      18,19,20,24,32...     
EvaluationController            34%      24,25,26,27,28...     
DynamicCongaTempGeneration      2%       6,7,8,9,10...         
PE_GenerateCongaTemplateHelper  100%                           
PE_GenerateCongaTemplate        100%                           
ExpenseLineItemTriggerHelper    35%      20,22,23,24,25...     
ExpenseLineItemTrigger          100%                           
SharePointBatch                 92%      29                    
YearlyCall_Trigger_Controller   100%                           
YearlyCall_Trigger              100%                           


=== Test Setup Time by Test Class for Run 707e1000002vq88
TEST SETUP METHOD NAME                            SETUP TIME
ΓöÇΓöÇΓöÇΓöÇΓöÇΓöÇΓöÇΓöÇΓöÇΓöÇΓöÇΓöÇΓöÇΓöÇΓöÇΓöÇΓöÇΓöÇΓöÇΓöÇΓöÇΓöÇΓöÇΓöÇΓöÇΓöÇΓöÇΓöÇΓöÇΓöÇΓöÇΓöÇΓöÇΓöÇΓöÇΓöÇΓöÇΓöÇΓöÇΓöÇΓöÇΓöÇΓöÇΓöÇΓöÇΓöÇΓöÇΓöÇ  ΓöÇΓöÇΓöÇΓöÇΓöÇΓöÇΓöÇΓöÇΓöÇΓöÇ
IndustrialFellowshipHelperTest.setupTestData      1172      
ApplicantPortal_ContollerTest.setupTestData       1558      
IndustrialFellowshipControllerTest.setupTestData  1719      
Proposal_ControllerTest.setupTestData             1382      
IndustrialFellowshipModelTest.setupTestData       1967      


=== Test Summary
sf : Warning: The input format for array arguments has changed. Use this format: --array-flag value1 --array-flag 
value2 --array-flag value3
At C:\Users\shiva\AppData\Local\Temp\ps-script-83485ca1-a38d-413a-ac58-a9ef18f1f49b.ps1:77 char:53
+ ... \igstcuat"; sf apex run test --class-names "IndustrialFellowshipContr ...
+                 ~~~~~~~~~~~~~~~~~~~~~~~~~~~~~~~~~~~~~~~~~~~~~~~~~~~~~~~~~
    + CategoryInfo          : NotSpecified: (Warning: The in...ray-flag value3:String) [], RemoteException
    + FullyQualifiedErrorId : NativeCommandError
 
NAME                 VALUE                         
ΓöÇΓöÇΓöÇΓöÇΓöÇΓöÇΓöÇΓöÇΓöÇΓöÇΓöÇΓöÇΓöÇΓöÇΓöÇΓöÇΓöÇΓöÇΓöÇ  ΓöÇΓöÇΓöÇΓöÇΓöÇΓöÇΓöÇΓöÇΓöÇΓöÇΓöÇΓöÇΓöÇΓöÇΓöÇΓöÇΓöÇΓöÇΓöÇΓöÇΓöÇΓöÇΓöÇΓöÇΓöÇΓöÇΓöÇΓöÇΓöÇΓöÇ
Outcome              Failed                        
Tests Ran            186                           
Pass Rate            57%                           
Fail Rate            43%                           
Skip Rate            0%                            
Test Run Id          707e1000002vq88               
Test Setup Time      7798 ms                       
Test Execution Time  15309 ms                      
Test Total Time      23107 ms                      
Org Id               00De1000000PLyvEAG            
Username             saquib.shaikh@igstc.org.uatdev
Org Wide Coverage    89%                           

